[demo.themefisher.com/novena/index.html]
[backblue.gif]
[fade.gif]
[index.html]
[demo.themefisher.com/images/favicon.png]
[demo.themefisher.com/novena/plugins/bootstrap/bootstrap.min.css]
[demo.themefisher.com/novena/plugins/icofont/icofont.min.css]
[demo.themefisher.com/novena/plugins/slick-carousel/slick/slick.css]
[demo.themefisher.com/novena/plugins/slick-carousel/slick/slick-theme.css]
[demo.themefisher.com/novena/css/style.css]
[demo.themefisher.com/novena/index-2.html]
[demo.themefisher.com/novena/images/logo.png]
[demo.themefisher.com/novena/about.html]
[demo.themefisher.com/novena/service.html]
[demo.themefisher.com/novena/department.html]
[demo.themefisher.com/novena/department-single.html]
[demo.themefisher.com/novena/doctor.html]
[demo.themefisher.com/novena/doctor-single.html]
[demo.themefisher.com/novena/appoinment.html]
[demo.themefisher.com/novena/blog-sidebar.html]
[demo.themefisher.com/novena/blog-single.html]
[demo.themefisher.com/novena/contact.html]
[demo.themefisher.com/novena/images/about/img-1.jpg]
[demo.themefisher.com/novena/images/about/img-2.jpg]
[demo.themefisher.com/novena/images/about/img-3.jpg]
[demo.themefisher.com/novena/images/team/test-thumb1.jpg]
[demo.themefisher.com/novena/images/team/test-thumb2.jpg]
[demo.themefisher.com/novena/images/team/test-thumb3.jpg]
[demo.themefisher.com/novena/images/team/test-thumb4.jpg]
[demo.themefisher.com/novena/images/about/1.png]
[demo.themefisher.com/novena/images/about/2.png]
[demo.themefisher.com/novena/images/about/3.png]
[demo.themefisher.com/novena/images/about/4.png]
[demo.themefisher.com/novena/images/about/5.png]
[demo.themefisher.com/novena/images/about/6.png]
[demo.themefisher.com/novena/plugins/jquery/jquery.js]
[demo.themefisher.com/novena/plugins/bootstrap/bootstrap.min.js]
[demo.themefisher.com/novena/plugins/slick-carousel/slick/slick.min.js]
[demo.themefisher.com/novena/plugins/shuffle/shuffle.min.js]
[demo.themefisher.com/novena/plugins/google-map/gmap.js]
[demo.themefisher.com/novena/index.html]
[demo.themefisher.com/images/favicon.html]
[demo.themefisher.com/novena/plugins/bootstrap/bootstrap.min.css]
[demo.themefisher.com/novena/js/script.js]
[demo.themefisher.com/novena/plugins/icofont/fonts/icofont.woff2]
[demo.themefisher.com/novena/plugins/icofont/fonts/icofont.woff]
[demo.themefisher.com/novena/plugins/icofont/icofont.min.css]
[demo.themefisher.com/novena/plugins/slick-carousel/slick/slick.css]
[demo.themefisher.com/novena/plugins/slick-carousel/slick/ajax-loader.gif]
[demo.themefisher.com/novena/plugins/slick-carousel/slick/fonts/slick.eot]
[demo.themefisher.com/novena/plugins/slick-carousel/slick/fonts/slickd41d.eot]
[demo.themefisher.com/novena/plugins/slick-carousel/slick/fonts/slick.woff]
[demo.themefisher.com/novena/plugins/slick-carousel/slick/fonts/slick.ttf]
[demo.themefisher.com/novena/plugins/slick-carousel/slick/slick-theme.css]
[demo.themefisher.com/novena/plugins/slick-carousel/slick/fonts/slick.svg]
[demo.themefisher.com/novena/images/bg/22.jpg]
[demo.themefisher.com/novena/images/bg/slider-bg-1.jpg]
[demo.themefisher.com/novena/images/bg/bg-4.jpg]
[demo.themefisher.com/novena/images/bg/cta-bg.png]
[demo.themefisher.com/novena/images/bg/banner.jpg]
[demo.themefisher.com/novena/images/bg/bg-2.jpg]
[demo.themefisher.com/novena/css/style.css]
[demo.themefisher.com/novena/index-2.html]
[demo.themefisher.com/novena/images/about/sign.png]
[demo.themefisher.com/novena/images/about/about-1.jpg]
[demo.themefisher.com/novena/images/about/about-2.jpg]
[demo.themefisher.com/novena/images/about/about-3.jpg]
[demo.themefisher.com/novena/images/about/about-4.jpg]
[demo.themefisher.com/novena/images/team/1.jpg]
[demo.themefisher.com/novena/images/team/2.jpg]
[demo.themefisher.com/novena/images/team/3.jpg]
[demo.themefisher.com/novena/images/team/4.jpg]
[demo.themefisher.com/novena/about.html]
[demo.themefisher.com/novena/images/service/service-1.jpg]
[demo.themefisher.com/novena/images/service/service-2.jpg]
[demo.themefisher.com/novena/images/service/service-3.jpg]
[demo.themefisher.com/novena/images/service/service-4.jpg]
[demo.themefisher.com/novena/images/service/service-6.jpg]
[demo.themefisher.com/novena/images/service/service-8.jpg]
[demo.themefisher.com/novena/service.html]
[demo.themefisher.com/novena/department.html]
[demo.themefisher.com/novena/images/service/bg-1.jpg]
[demo.themefisher.com/novena/department-single.html]
[demo.themefisher.com/novena/doctor.html]
[demo.themefisher.com/novena/doctor-single.html]
[demo.themefisher.com/novena/appoinment.html]
[demo.themefisher.com/novena/confirmation.html]
[demo.themefisher.com/novena/images/blog/blog-1.jpg]
[demo.themefisher.com/novena/images/blog/blog-2.jpg]
[demo.themefisher.com/novena/images/blog/blog-4.jpg]
[demo.themefisher.com/novena/blog-sidebar.html]
[demo.themefisher.com/novena/images/blog/testimonial1.jpg]
[demo.themefisher.com/novena/images/blog/testimonial2.jpg]
[demo.themefisher.com/novena/blog-single.html]
[demo.themefisher.com/novena/images/marker.png]
[demo.themefisher.com/novena/contact.html]
[demo.themefisher.com/novena/plugins/slick-carousel/slick/fonts/slick.svg]
[demo.themefisher.com/novena/images/bg/cta-bg.html]
[demo.themefisher.com/novena/confirmation.html]
